------------------------------------------------------------
Timing Analyzer Summary
------------------------------------------------------------

Type  : Slow 1200mV 85C Model Setup 'clk'
Slack : -31.507
TNS   : -2571.645

Type  : Slow 1200mV 85C Model Setup 'id[0]'
Slack : -5.752
TNS   : -87.415

Type  : Slow 1200mV 85C Model Setup 'state_reg.listening'
Slack : -4.984
TNS   : -118.529

Type  : Slow 1200mV 85C Model Setup 'drone_rdy'
Slack : -3.359
TNS   : -59.157

Type  : Slow 1200mV 85C Model Hold 'drone_rdy'
Slack : -1.887
TNS   : -1.887

Type  : Slow 1200mV 85C Model Hold 'state_reg.listening'
Slack : -0.774
TNS   : -0.774

Type  : Slow 1200mV 85C Model Hold 'clk'
Slack : 0.403
TNS   : 0.000

Type  : Slow 1200mV 85C Model Hold 'id[0]'
Slack : 1.291
TNS   : 0.000

Type  : Slow 1200mV 85C Model Minimum Pulse Width 'clk'
Slack : -3.000
TNS   : -210.074

Type  : Slow 1200mV 85C Model Minimum Pulse Width 'drone_rdy'
Slack : -3.000
TNS   : -10.206

Type  : Slow 1200mV 85C Model Minimum Pulse Width 'id[0]'
Slack : -2.251
TNS   : -133.696

Type  : Slow 1200mV 85C Model Minimum Pulse Width 'state_reg.listening'
Slack : 0.338
TNS   : 0.000

Type  : Slow 1200mV 0C Model Setup 'clk'
Slack : -28.869
TNS   : -2352.018

Type  : Slow 1200mV 0C Model Setup 'id[0]'
Slack : -5.401
TNS   : -80.874

Type  : Slow 1200mV 0C Model Setup 'state_reg.listening'
Slack : -4.564
TNS   : -108.766

Type  : Slow 1200mV 0C Model Setup 'drone_rdy'
Slack : -3.074
TNS   : -54.532

Type  : Slow 1200mV 0C Model Hold 'drone_rdy'
Slack : -1.604
TNS   : -1.604

Type  : Slow 1200mV 0C Model Hold 'state_reg.listening'
Slack : -0.631
TNS   : -0.631

Type  : Slow 1200mV 0C Model Hold 'clk'
Slack : 0.354
TNS   : 0.000

Type  : Slow 1200mV 0C Model Hold 'id[0]'
Slack : 1.174
TNS   : 0.000

Type  : Slow 1200mV 0C Model Minimum Pulse Width 'clk'
Slack : -3.000
TNS   : -210.074

Type  : Slow 1200mV 0C Model Minimum Pulse Width 'drone_rdy'
Slack : -3.000
TNS   : -7.341

Type  : Slow 1200mV 0C Model Minimum Pulse Width 'id[0]'
Slack : -2.099
TNS   : -116.687

Type  : Slow 1200mV 0C Model Minimum Pulse Width 'state_reg.listening'
Slack : 0.252
TNS   : 0.000

Type  : Fast 1200mV 0C Model Setup 'clk'
Slack : -15.121
TNS   : -1230.248

Type  : Fast 1200mV 0C Model Setup 'id[0]'
Slack : -2.783
TNS   : -42.901

Type  : Fast 1200mV 0C Model Setup 'state_reg.listening'
Slack : -2.523
TNS   : -55.911

Type  : Fast 1200mV 0C Model Setup 'drone_rdy'
Slack : -1.118
TNS   : -17.346

Type  : Fast 1200mV 0C Model Hold 'drone_rdy'
Slack : -1.149
TNS   : -1.149

Type  : Fast 1200mV 0C Model Hold 'state_reg.listening'
Slack : -0.463
TNS   : -0.463

Type  : Fast 1200mV 0C Model Hold 'clk'
Slack : 0.069
TNS   : 0.000

Type  : Fast 1200mV 0C Model Hold 'id[0]'
Slack : 0.446
TNS   : 0.000

Type  : Fast 1200mV 0C Model Minimum Pulse Width 'clk'
Slack : -3.000
TNS   : -133.270

Type  : Fast 1200mV 0C Model Minimum Pulse Width 'drone_rdy'
Slack : -3.000
TNS   : -19.910

Type  : Fast 1200mV 0C Model Minimum Pulse Width 'id[0]'
Slack : -0.893
TNS   : -41.125

Type  : Fast 1200mV 0C Model Minimum Pulse Width 'state_reg.listening'
Slack : 0.288
TNS   : 0.000

------------------------------------------------------------
